// Jest Snapshot v1, https://goo.gl/fbAQLP

exports[`Index page should match the snapshot 1`] = `
<main>
  <h1>
    Checkout documentation
  </h1>
  <div
    onClick={[Function]}
    onMouseEnter={[Function]}
  >
    <a>
      title
    </a>
  </div>
  <p>
    Will come soon...
  </p>
</main>
`;
